2026-09-20 00:06:16.124: [INFO] CurrentProfilePath: C:\Users\lg680\AppData\Local\Temp\flutter_tools.ada2cee3\flutter_tools_chrome_device.b32e2b00\Default
2026-09-20 00:06:16.124: [INFO] Profiles total count: 1
2026-09-20 00:06:16.124: [INFO] Profile: name=Perfil 1 path=C:\Users\lg680\AppData\Local\Temp\flutter_tools.ada2cee3\flutter_tools_chrome_device.b32e2b00\Default lastActive=null
2026-09-20 00:06:16.124: [INFO] LastUsedProfileDir: C:\Users\lg680\AppData\Local\Temp\flutter_tools.ada2cee3\flutter_tools_chrome_device.b32e2b00\Default
2026-09-20 00:06:16.124: [INFO] VisibilityChanged: 0
2026-09-20 00:06:16.190: [INFO] RecordSyncInitDuration has_sync_been_enabled: 0 state: 0
2026-09-20 00:06:16.191: [INFO] RecordSyncInitDuration has_sync_been_enabled: 0 state: 0
2026-09-20 00:06:16.193: [INFO] RecordSyncInitDuration has_sync_been_enabled: 0 state: 0
2026-09-20 00:06:16.194: [INFO] RecordSyncInitDuration has_sync_been_enabled: 0 state: 0
2026-09-20 00:06:16.197: [INFO] RecordSyncInitDuration has_sync_been_enabled: 0 state: 0
2026-09-20 00:06:16.199: [INFO] RecordSyncInitDuration has_sync_been_enabled: 0 state: 0
2026-09-20 00:06:16.200: [INFO] RecordSyncInitDuration has_sync_been_enabled: 0 state: 0
2026-09-20 00:06:16.202: [INFO] RecordSyncInitDuration has_sync_been_enabled: 0 state: 0
2026-09-20 00:06:16.204: [INFO] RecordSyncInitDuration has_sync_been_enabled: 0 state: 0
2026-09-20 00:06:16.206: [INFO] RecordSyncInitDuration has_sync_been_enabled: 0 state: 0
2026-09-20 00:06:16.238: [INFO] BookmarkNodeAdded, ABU: 0
2026-09-20 00:06:16.239: [INFO] BookmarkNodeAdded, ABU: 0
2026-09-20 00:06:16.239: [INFO] BookmarkNodeAdded, ABU: 0
2026-09-20 00:06:16.239: [INFO] BookmarkNodeAdded, ABU: 0
2026-09-20 00:06:16.239: [INFO] OnDoneLoading sync enabled: 0
2026-09-20 00:06:16.239: [INFO] BookmarkModelLoaded, ids_reassigned: 0
2026-09-20 00:06:16.239: [INFO] BookmarksLoadDropped droppedNodes=0
2026-09-20 00:06:16.239: [INFO] BookmarksSnapshot Startup total=4 bar=4 other=0 mobile=0 showBar=0 showBarNTP=1
2026-09-20 00:06:16.318: [INFO] RecordSyncInitDuration has_sync_been_enabled: 0 state: 0
2026-09-20 00:06:18.964: [INFO] RecordSyncInitDuration has_sync_been_enabled: 0 state: 0
2026-09-20 00:06:18.995: [INFO] RecordSyncInitDuration has_sync_been_enabled: 0 state: 3
2026-09-20 00:06:19.024: [INFO] Primary account changed.
2026-09-20 00:06:19.024: [INFO] OnPrimaryAccountChanged PrimaryAccountChangeEvent::Type::kSet
2026-09-20 00:06:19.066: [INFO] RecordSyncInitDuration has_sync_been_enabled: 0 state: 3
2026-09-20 00:06:23.594: [INFO] BookmarkBarPrefChanged showBar=0 showBarNTP=0
2026-09-20 00:06:24.134: [INFO] Sync initialization duration: 4472ms
2026-09-20 00:24:05.663: [INFO] BookmarksSnapshot Shutdown total=4 bar=4 other=0 mobile=0 showBar=0 showBarNTP=0
2026-09-20 00:25:28.844: [INFO] CurrentProfilePath: C:\Users\lg680\AppData\Local\Temp\flutter_tools.775cdd21\flutter_tools_chrome_device.462c1068\Default
2026-09-20 00:25:28.844: [INFO] Profiles total count: 1
2026-09-20 00:25:28.844: [INFO] Profile: name=Perfil 1 path=C:\Users\lg680\AppData\Local\Temp\flutter_tools.775cdd21\flutter_tools_chrome_device.462c1068\Default lastActive=null
2026-09-20 00:25:28.844: [INFO] LastUsedProfileDir: C:\Users\lg680\AppData\Local\Temp\flutter_tools.775cdd21\flutter_tools_chrome_device.462c1068\Default
2026-09-20 00:25:28.844: [INFO] VisibilityChanged: 0
2026-09-20 00:25:29.056: [INFO] BookmarkNodeAdded, ABU: 0
2026-09-20 00:25:29.057: [INFO] BookmarkNodeAdded, ABU: 0
2026-09-20 00:25:29.057: [INFO] BookmarkNodeAdded, ABU: 0
2026-09-20 00:25:29.057: [INFO] BookmarkNodeAdded, ABU: 0
2026-09-20 00:25:29.058: [INFO] OnDoneLoading sync enabled: 1
2026-09-20 00:25:29.058: [INFO] BookmarkModelLoaded, ids_reassigned: 0
2026-09-20 00:25:29.058: [INFO] BookmarksLoadDropped droppedNodes=0
2026-09-20 00:25:29.058: [INFO] BookmarksSnapshot Startup total=8 bar=8 other=0 mobile=0 showBar=0 showBarNTP=0
2026-09-20 00:25:40.424: [INFO] Sync initialization duration: 1710ms
2026-09-20 00:26:33.450: [INFO] BookmarksSnapshot Shutdown total=8 bar=8 other=0 mobile=0 showBar=0 showBarNTP=0
2026-09-20 00:29:28.282: [INFO] CurrentProfilePath: C:\Users\lg680\AppData\Local\Temp\flutter_tools.f769a71f\flutter_tools_chrome_device.1329dd34\Default
2026-09-20 00:29:28.282: [INFO] Profiles total count: 1
2026-09-20 00:29:28.282: [INFO] Profile: name=Perfil 1 path=C:\Users\lg680\AppData\Local\Temp\flutter_tools.f769a71f\flutter_tools_chrome_device.1329dd34\Default lastActive=null
2026-09-20 00:29:28.282: [INFO] LastUsedProfileDir: C:\Users\lg680\AppData\Local\Temp\flutter_tools.f769a71f\flutter_tools_chrome_device.1329dd34\Default
2026-09-20 00:29:28.282: [INFO] VisibilityChanged: 0
2026-09-20 00:29:28.436: [INFO] BookmarkNodeAdded, ABU: 0
2026-09-20 00:29:28.436: [INFO] BookmarkNodeAdded, ABU: 0
2026-09-20 00:29:28.437: [INFO] BookmarkNodeAdded, ABU: 0
2026-09-20 00:29:28.438: [INFO] BookmarkNodeAdded, ABU: 0
2026-09-20 00:29:28.438: [INFO] OnDoneLoading sync enabled: 0
2026-09-20 00:29:28.438: [INFO] BookmarkModelLoaded, ids_reassigned: 0
2026-09-20 00:29:28.438: [INFO] BookmarksLoadDropped droppedNodes=0
2026-09-20 00:29:28.438: [INFO] BookmarksSnapshot Startup total=12 bar=12 other=0 mobile=0 showBar=0 showBarNTP=0
2026-09-20 00:29:29.815: [INFO] Primary account changed.
2026-09-20 00:29:29.815: [INFO] OnPrimaryAccountChanged PrimaryAccountChangeEvent::Type::kSet
2026-09-20 00:29:33.004: [INFO] Sync initialization duration: 4562ms
2026-09-20 00:56:45.324: [INFO] BookmarksSnapshot Shutdown total=12 bar=12 other=0 mobile=0 showBar=0 showBarNTP=0
