{"logTime": "0920/000621", "correlationVector":"F7OPlp7LPv3ZuFtw7xy6fB.1","action":"SyncServerConnectionManagerRequest", "result":"SYNC_SERVER_OK", "context":{"environment":"Prod_brazilsouth_prod-s01-001-sam-brazilsouth", "migrationStage":"NotStarted", "server":"akswtt0070000fr"}}
{"logTime": "0920/000621", "correlationVector":"F7OPlp7LPv3ZuFtw7xy6fB.2","action":"ProcessGetUpdates", "result":"Done", "context":{"dataType":"Encryption Keys", "deleted":"0", "process_failed_to_decrypt":"0", "process_pending_decryption":"0", "process_success":"1", "total":"1"}}
{"logTime": "0920/000621", "correlationVector":"VT0VmUuvWvGzkGGfFO/0kj","action":"SyncServerConnectionManagerRequest", "result":"SYNC_SERVER_OK", "context":{"environment":"", "migrationStage":"", "server":""}}
{"logTime": "0920/000621", "correlationVector":"VT0VmUuvWvGzkGGfFO/0kj.0","action":"EncryptionKeysFetcher.DownloadKeys:", "result":"Success", "context":Key count: 9, Last key timestamp: 2026-07-21T21:49:20Z}
{"logTime": "0920/000621", "correlationVector":"VT0VmUuvWvGzkGGfFO/0kj.1","action":"EncryptionKeysManager::SetEncryptionKeys:", "result":"Success", "context":Key names[9]:[O/81XsCWELhb/DkVXC+rexEZbfhSk+5U5ktZVTEoALfstcXCHOMxoPpGgrMbKnwHxnnj4QNso7dARK3NJPvHxw==][pgtlnMfcQr7uEPA1HOEyugBk4MckJGfxvmay3TR2z3ohyb4YCJ/YDJ4lojpHM+Cf0c45G+PtNrCs6nthBkKisw==][y1B3RdKpgdBEp3Me7/eawQMHoN4lAActLlC3A1HMObTtYphDkAPrry5SJydm9EFFUjMX8Y//9U0N/wEq7eF/uA==][5zjf0u+kY2kYTytxXnDLYgcwggvA+E7gCTKQ0jqgQo3oL8JYf+0WwrJWCK0B0OVDDuQBmIj276tiwDvdXBwftg==][6v6LyjBovIL/PeR6zcAdsHCmE/FCX+Uhd1dq9latYUv85nYJejWnINoco7pGk8GGFTui7NcwmazIIWTX3WyvZA==][Yv3W6V7knw4nTAYmaPQV9NirXiP70EaovNe7NSz9gmirDpVOjH9Nyy7M0nWgYfxXtdACnVDuva973YfaEvqZrA==][mjw7degfyqqf7vH3PMHsoQAuiwlq7cWLdLvSzLMaV2zzklBPaX8vAB8j/lgOCd+uAJcjTe8MuE2ffYmO/0labQ==][StdY7ZVIMABGPNfKmt3tsnJh5RfimJGcnO85u5KOLSfYovyu1M487a+FD+DKDAKydRLkUpv2vok9435CkNueEA==][DrwP19bXgpT264W3xUsrFKgw/eIJHoUXcHnWYHGa6ZNvzwTYBmt0D6uqD6BKMSK41AXlQXIal4o2VDUsZchusw==]}
{"logTime": "0920/000621", "correlationVector":"VT0VmUuvWvGzkGGfFO/0kj.2","action":"EncryptionKeysManager::SetEncryptionKeysWithTimestamps:", "result":"Success", "context":Key timestamps[9]:[2022-02-21T02:39:49Z][2022-08-31T20:29:08Z][2023-07-10T22:07:49Z][2024-01-07T15:23:58Z][2024-07-13T03:34:06Z][2025-01-14T23:21:58Z][2025-07-14T21:41:40Z][2026-01-12T17:11:02Z][2026-07-21T21:49:20Z]}
{"logTime": "0920/000621", "correlationVector":"F7OPlp7LPv3ZuFtw7xy6fB","action":"Initial GetUpdates", "result":"", "context":Reason: NEW_CLIENT. cV=F7OPlp7LPv3ZuFtw7xy6fB}
{"logTime": "0920/000621", "correlationVector":"F7OPlp7LPv3ZuFtw7xy6fB.3","action":"GetUpdates Response", "result":"Success", "context":Received 1 update(s). cV=F7OPlp7LPv3ZuFtw7xy6fB.0;server=akswtt0070000fr;cloudType=Consumer;environment=Prod_brazilsouth_prod-s01-001-sam-brazilsouth;migrationStage=NotStarted}
{"logTime": "0920/000621", "correlationVector":"JDUvy7jItGaWqXvFYwFhTr","action":"Initial GetUpdates", "result":"", "context":Reason: NEWLY_SUPPORTED_DATATYPE. cV=JDUvy7jItGaWqXvFYwFhTr}
{"logTime": "0920/000622", "correlationVector":"JDUvy7jItGaWqXvFYwFhTr.1","action":"SyncServerConnectionManagerRequest", "result":"SYNC_SERVER_OK", "context":{"environment":"Prod_brazilsouth_prod-s01-001-sam-brazilsouth", "migrationStage":"NotStarted", "server":"akswtt0070000fr"}}
{"logTime": "0920/000622", "correlationVector":"JDUvy7jItGaWqXvFYwFhTr.2","action":"ProcessGetUpdates", "result":"Done", "context":{"dataType":"Passwords", "deleted":"0", "process_failed_to_decrypt":"0", "process_pending_decryption":"0", "process_success":"3", "total":"3"}}
{"logTime": "0920/000622", "correlationVector":"JDUvy7jItGaWqXvFYwFhTr.3","action":"ProcessGetUpdates", "result":"Done", "context":{"dataType":"Device Info", "deleted":"0", "process_failed_to_decrypt":"0", "process_pending_decryption":"0", "process_success":"9", "total":"9"}}
{"logTime": "0920/000622", "correlationVector":"JDUvy7jItGaWqXvFYwFhTr.4","action":"GetUpdates Response", "result":"Success", "context":Received 12 update(s). cV=JDUvy7jItGaWqXvFYwFhTr.0;server=akswtt0070000fr;cloudType=Consumer;environment=Prod_brazilsouth_prod-s01-001-sam-brazilsouth;migrationStage=NotStarted}
{"logTime": "0920/000622", "correlationVector":"8KspX0dWBqNIT+78h0IqP8","action":"Initial GetUpdates", "result":"", "context":Reason: NEWLY_SUPPORTED_DATATYPE. cV=8KspX0dWBqNIT+78h0IqP8}
{"logTime": "0920/000623", "correlationVector":"8KspX0dWBqNIT+78h0IqP8.1","action":"SyncServerConnectionManagerRequest", "result":"SYNC_SERVER_OK", "context":{"environment":"Prod_brazilsouth_prod-s01-001-sam-brazilsouth", "migrationStage":"NotStarted", "server":"akswtt0070000f8"}}
{"logTime": "0920/000623", "correlationVector":"8KspX0dWBqNIT+78h0IqP8.2","action":"ProcessGetUpdates", "result":"Done", "context":{"dataType":"Bookmarks", "deleted":"0", "process_failed_to_decrypt":"0", "process_pending_decryption":"0", "process_success":"6", "total":"6"}}
{"logTime": "0920/000623", "correlationVector":"8KspX0dWBqNIT+78h0IqP8.3","action":"ProcessGetUpdates", "result":"Done", "context":{"dataType":"Preferences", "deleted":"1", "process_failed_to_decrypt":"0", "process_pending_decryption":"0", "process_success":"70", "total":"70"}}
{"logTime": "0920/000623", "correlationVector":"8KspX0dWBqNIT+78h0IqP8.4","action":"ProcessGetUpdates", "result":"Done", "context":{"dataType":"Autofill Profiles", "deleted":"7", "process_failed_to_decrypt":"0", "process_pending_decryption":"0", "process_success":"9", "total":"9"}}
{"logTime": "0920/000623", "correlationVector":"8KspX0dWBqNIT+78h0IqP8.5","action":"ProcessGetUpdates", "result":"Done", "context":{"dataType":"Autofill", "deleted":"0", "process_failed_to_decrypt":"0", "process_pending_decryption":"0", "process_success":"115", "total":"115"}}
{"logTime": "0920/000623", "correlationVector":"8KspX0dWBqNIT+78h0IqP8.6","action":"ProcessGetUpdates", "result":"Done", "context":{"dataType":"Sessions", "deleted":"37", "process_failed_to_decrypt":"0", "process_pending_decryption":"0", "process_success":"38", "total":"38"}}
{"logTime": "0920/000623", "correlationVector":"8KspX0dWBqNIT+78h0IqP8.7","action":"ProcessGetUpdates", "result":"Done", "context":{"dataType":"Saved Tab Group", "deleted":"7", "process_failed_to_decrypt":"0", "process_pending_decryption":"0", "process_success":"7", "total":"7"}}
{"logTime": "0920/000623", "correlationVector":"8KspX0dWBqNIT+78h0IqP8.8","action":"ProcessGetUpdates", "result":"Done", "context":{"dataType":"Edge Hub App Usage", "deleted":"2", "process_failed_to_decrypt":"0", "process_pending_decryption":"0", "process_success":"5", "total":"5"}}
{"logTime": "0920/000623", "correlationVector":"8KspX0dWBqNIT+78h0IqP8.9","action":"GetUpdates Response", "result":"Success", "context":Received 250 update(s). cV=8KspX0dWBqNIT+78h0IqP8.0;server=akswtt0070000f8;cloudType=Consumer;environment=Prod_brazilsouth_prod-s01-001-sam-brazilsouth;migrationStage=NotStarted Some updates remain.}
{"logTime": "0920/000623", "correlationVector":"E+o+qRTcf6nFCm7OqdAC5h","action":"Initial GetUpdates", "result":"", "context":Reason: NEWLY_SUPPORTED_DATATYPE. cV=E+o+qRTcf6nFCm7OqdAC5h}
{"logTime": "0920/000623", "correlationVector":"E+o+qRTcf6nFCm7OqdAC5h.1","action":"SyncServerConnectionManagerRequest", "result":"SYNC_SERVER_OK", "context":{"environment":"Prod_brazilsouth_prod-s01-001-sam-brazilsouth", "migrationStage":"NotStarted", "server":"akswtt0070000ff"}}
{"logTime": "0920/000623", "correlationVector":"E+o+qRTcf6nFCm7OqdAC5h.2","action":"ProcessGetUpdates", "result":"Done", "context":{"dataType":"Preferences", "deleted":"0", "process_failed_to_decrypt":"0", "process_pending_decryption":"0", "process_success":"2", "total":"2"}}
{"logTime": "0920/000623", "correlationVector":"E+o+qRTcf6nFCm7OqdAC5h.3","action":"ProcessGetUpdates", "result":"Done", "context":{"dataType":"Sessions", "deleted":"0", "process_failed_to_decrypt":"0", "process_pending_decryption":"0", "process_success":"2", "total":"2"}}
{"logTime": "0920/000623", "correlationVector":"E+o+qRTcf6nFCm7OqdAC5h.4","action":"GetUpdates Response", "result":"Success", "context":Received 4 update(s). cV=E+o+qRTcf6nFCm7OqdAC5h.0;server=akswtt0070000ff;cloudType=Consumer;environment=Prod_brazilsouth_prod-s01-001-sam-brazilsouth;migrationStage=NotStarted}
{"logTime": "0920/000623", "correlationVector":"bWHPLHFjOLfgby9+2O+eIf","action":"Initial GetUpdates", "result":"", "context":Reason: NEWLY_SUPPORTED_DATATYPE. cV=bWHPLHFjOLfgby9+2O+eIf}
{"logTime": "0920/000624", "correlationVector":"bWHPLHFjOLfgby9+2O+eIf.1","action":"SyncServerConnectionManagerRequest", "result":"SYNC_SERVER_OK", "context":{"environment":"Prod_brazilsouth_prod-s01-001-sam-brazilsouth", "migrationStage":"NotStarted", "server":"akswtt0070000f9"}}
{"logTime": "0920/000624", "correlationVector":"bWHPLHFjOLfgby9+2O+eIf.2","action":"ProcessGetUpdates", "result":"Done", "context":{"dataType":"History", "deleted":"0", "process_failed_to_decrypt":"0", "process_pending_decryption":"0", "process_success":"68", "total":"68"}}
{"logTime": "0920/000624", "correlationVector":"bWHPLHFjOLfgby9+2O+eIf.3","action":"GetUpdates Response", "result":"Success", "context":Received 68 update(s). cV=bWHPLHFjOLfgby9+2O+eIf.0;server=akswtt0070000f9;cloudType=Consumer;environment=Prod_brazilsouth_prod-s01-001-sam-brazilsouth;migrationStage=NotStarted}
{"logTime": "0920/000624", "correlationVector":"xT6hkcHEiwqWieI/KKoToM","action":"Normal GetUpdate request", "result":"", "context":cV=xT6hkcHEiwqWieI/KKoToM
Nudged types: Sessions, Device Info, User Consents, Edge Hub App Usage
Refresh requested types: Bookmarks, Preferences, Passwords, Autofill Profiles, Autofill, Extensions, Sessions, Extension settings, History Delete Directives, Device Info, User Consents, Send Tab To Self, Web Apps, History, Saved Tab Group, WebAuthn Credentials, Edge Hub App Usage, Edge Workspace, Encryption Keys}
{"logTime": "0920/000624", "correlationVector":"xT6hkcHEiwqWieI/KKoToM.1","action":"SyncServerConnectionManagerRequest", "result":"SYNC_SERVER_OK", "context":{"environment":"Prod_brazilsouth_prod-s01-001-sam-brazilsouth", "migrationStage":"NotStarted", "server":"akswtt0070000fo"}}
{"logTime": "0920/000624", "correlationVector":"xT6hkcHEiwqWieI/KKoToM.2","action":"GetUpdates Response", "result":"Success", "context":Received 0 update(s). cV=xT6hkcHEiwqWieI/KKoToM.0;server=akswtt0070000fo;cloudType=Consumer;environment=Prod_brazilsouth_prod-s01-001-sam-brazilsouth;migrationStage=NotStarted}
{"logTime": "0920/000624", "correlationVector":"x/wRXthSMLSEOgOfxfrLcq","action":"DoCompareDataConsistency requsted types: ", "result":"Bookmarks, Preferences, Passwords, Extensions, Extension settings, History Delete Directives, Send Tab To Self, Web Apps, History, Saved Tab Group, WebAuthn Credentials, Edge Workspace, Encryption Keys"}
{"logTime": "0920/000624", "correlationVector":"x/wRXthSMLSEOgOfxfrLcq.0","action":"CompareDataConsistency result: ", "result":"Compare result: Encryption Keys is consistent. local entities count is: 1 local entities hash is: +p3iPfMr2GGb8HTGcrdkfMQ5v3M="}
{"logTime": "0920/000624", "correlationVector":"x/wRXthSMLSEOgOfxfrLcq.1","action":"CompareDataConsistency result: ", "result":"Compare result: Bookmarks is consistent. local entities count is: 0 local entities hash is: "}
{"logTime": "0920/000624", "correlationVector":"x/wRXthSMLSEOgOfxfrLcq.2","action":"CompareDataConsistency result: ", "result":"Compare result: Preferences is consistent. local entities count is: 71 local entities hash is: tOUPijSxM4Z2RD6PljxHxHSy/rU="}
{"logTime": "0920/000624", "correlationVector":"x/wRXthSMLSEOgOfxfrLcq.3","action":"CompareDataConsistency result: ", "result":"Compare result: Extensions is consistent. local entities count is: 0 local entities hash is: "}
{"logTime": "0920/000624", "correlationVector":"x/wRXthSMLSEOgOfxfrLcq.4","action":"CompareDataConsistency result: ", "result":"Compare result: Extension settings is consistent. local entities count is: 0 local entities hash is: "}
{"logTime": "0920/000624", "correlationVector":"x/wRXthSMLSEOgOfxfrLcq.5","action":"CompareDataConsistency result: ", "result":"Compare result: History Delete Directives is consistent. local entities count is: 0 local entities hash is: "}
{"logTime": "0920/000624", "correlationVector":"x/wRXthSMLSEOgOfxfrLcq.6","action":"CompareDataConsistency result: ", "result":"Server did not send this Send Tab To Self local entities count is: 0 local entities hash is: "}
{"logTime": "0920/000624", "correlationVector":"x/wRXthSMLSEOgOfxfrLcq.7","action":"CompareDataConsistency result: ", "result":"Compare result: Web Apps is consistent. local entities count is: 0 local entities hash is: "}
{"logTime": "0920/000624", "correlationVector":"x/wRXthSMLSEOgOfxfrLcq.8","action":"CompareDataConsistency result: ", "result":"Server did not send this History local entities count is: 0 local entities hash is: "}
{"logTime": "0920/000624", "correlationVector":"x/wRXthSMLSEOgOfxfrLcq.9","action":"CompareDataConsistency result: ", "result":"Compare result: Saved Tab Group is consistent. local entities count is: 0 local entities hash is: "}
{"logTime": "0920/000624", "correlationVector":"x/wRXthSMLSEOgOfxfrLcq.10","action":"CompareDataConsistency result: ", "result":"Server did not send this WebAuthn Credentials local entities count is: 0 local entities hash is: "}
{"logTime": "0920/000624", "correlationVector":"x/wRXthSMLSEOgOfxfrLcq.11","action":"CompareDataConsistency result: ", "result":"Server did not send this Edge Workspace local entities count is: 0 local entities hash is: "}
{"logTime": "0920/000624", "correlationVector":"x/wRXthSMLSEOgOfxfrLcq.12","action":"CompareDataConsistency result: ", "result":"Compare result: Passwords is consistent. local entities count is: 3 local entities hash is: KUsELAVDqjH0mga/WmZNY+0wyjk="}
{"logTime": "0920/000624", "correlationVector":"CokM4n8M5jdr5tmVy3avI4","action":"Commit Request", "result":"", "context":Item count: 5
Contributing types: Sessions, Device Info, User Consents, Edge Hub App Usage}
{"logTime": "0920/000626", "correlationVector":"CokM4n8M5jdr5tmVy3avI4.1","action":"SyncServerConnectionManagerRequest", "result":"SYNC_SERVER_OK", "context":{"environment":"Prod_brazilsouth_prod-s01-001-sam-brazilsouth", "migrationStage":"NotStarted", "server":"akswtt0070000j2"}}
{"logTime": "0920/000626", "correlationVector":"CokM4n8M5jdr5tmVy3avI4.2","action":"Commit Response", "result":"Success", "context":Result: Success. cV=CokM4n8M5jdr5tmVy3avI4.0;server=akswtt0070000j2;cloudType=Consumer;environment=Prod_brazilsouth_prod-s01-001-sam-brazilsouth;migrationStage=NotStarted}
{"logTime": "0920/000626", "correlationVector":"","action":"DIAGNOSTIC_REQUEST|v1/diagnosticData/Diagnostic.SendCheckResult()|SUCCESS", "result":""}
{"logTime": "0920/000716", "correlationVector":"P+t+vTvLkQyfeguTwVEaEk","action":"Commit Request", "result":"", "context":Item count: 4
Contributing types: Passwords, Sessions, History}
{"logTime": "0920/000717", "correlationVector":"P+t+vTvLkQyfeguTwVEaEk.1","action":"SyncServerConnectionManagerRequest", "result":"SYNC_SERVER_OK", "context":{"environment":"Prod_brazilsouth_prod-s01-001-sam-brazilsouth", "migrationStage":"NotStarted", "server":"akswtt0070000fk"}}
{"logTime": "0920/000717", "correlationVector":"P+t+vTvLkQyfeguTwVEaEk.2","action":"Commit Response", "result":"Success", "context":Result: Success. cV=P+t+vTvLkQyfeguTwVEaEk.0;server=akswtt0070000fk;cloudType=Consumer;environment=Prod_brazilsouth_prod-s01-001-sam-brazilsouth;migrationStage=NotStarted}
{"logTime": "0920/001924", "correlationVector":"SRPKGvpKYbV48BdYHQBWwD","action":"Commit Request", "result":"", "context":Item count: 1
Contributing types: Sessions}
{"logTime": "0920/001942", "correlationVector":"SRPKGvpKYbV48BdYHQBWwD","action":"SyncServerConnectionManagerRequest", "result":"CONNECTION_UNAVAILABLE", "context":{"error_type":"net_error_code", "error_value":"-106"}}
{"logTime": "0920/001942", "correlationVector":"BDxAQg3EARs3EO56kTeiR6.0","action":"Commit Response", "result":"Network error (ERR_INTERNET_DISCONNECTED)", "context":Result: Network error (ERR_INTERNET_DISCONNECTED). }
{"logTime": "0920/001945", "correlationVector":"z21kB0w3Zc+Ko0wmTYQtJY","action":"Commit Request", "result":"", "context":Item count: 1
Contributing types: Sessions}
{"logTime": "0920/002003", "correlationVector":"z21kB0w3Zc+Ko0wmTYQtJY","action":"SyncServerConnectionManagerRequest", "result":"CONNECTION_UNAVAILABLE", "context":{"error_type":"net_error_code", "error_value":"-106"}}
{"logTime": "0920/002003", "correlationVector":"3Z6TCZ+kU/b1nnA9UScZaY.0","action":"Commit Response", "result":"Network error (ERR_INTERNET_DISCONNECTED)", "context":Result: Network error (ERR_INTERNET_DISCONNECTED). }
{"logTime": "0920/002007", "correlationVector":"C9qh2T/31SW1tC6CVsEDF8","action":"Commit Request", "result":"", "context":Item count: 1
Contributing types: Sessions}
{"logTime": "0920/002025", "correlationVector":"C9qh2T/31SW1tC6CVsEDF8","action":"SyncServerConnectionManagerRequest", "result":"CONNECTION_UNAVAILABLE", "context":{"error_type":"net_error_code", "error_value":"-106"}}
{"logTime": "0920/002025", "correlationVector":"aOljG0bckj4hOIo2ehZU3u.0","action":"Commit Response", "result":"Network error (ERR_INTERNET_DISCONNECTED)", "context":Result: Network error (ERR_INTERNET_DISCONNECTED). }
{"logTime": "0920/002031", "correlationVector":"dKFLFyxvf39eSPMvCCO6Lo","action":"Commit Request", "result":"", "context":Item count: 1
Contributing types: Sessions}
{"logTime": "0920/002047", "correlationVector":"dKFLFyxvf39eSPMvCCO6Lo","action":"SyncServerConnectionManagerRequest", "result":"CONNECTION_UNAVAILABLE", "context":{"error_type":"net_error_code", "error_value":"-105"}}
{"logTime": "0920/002047", "correlationVector":"1qkXN5exBjKnBr0zYwQetm.0","action":"Commit Response", "result":"Network error (ERR_NAME_NOT_RESOLVED)", "context":Result: Network error (ERR_NAME_NOT_RESOLVED). }
{"logTime": "0920/002053", "correlationVector":"1gigXYPHbkL5lWj4UjfHIq","action":"Commit Request", "result":"", "context":Item count: 1
Contributing types: Sessions}
{"logTime": "0920/002053", "correlationVector":"1gigXYPHbkL5lWj4UjfHIq.1","action":"SyncServerConnectionManagerRequest", "result":"SYNC_SERVER_OK", "context":{"environment":"Prod_brazilsouth_prod-s01-001-sam-brazilsouth", "migrationStage":"NotStarted", "server":"akswtt0070000ff"}}
{"logTime": "0920/002053", "correlationVector":"1gigXYPHbkL5lWj4UjfHIq.2","action":"Commit Response", "result":"Success", "context":Result: Success. cV=1gigXYPHbkL5lWj4UjfHIq.0;server=akswtt0070000ff;cloudType=Consumer;environment=Prod_brazilsouth_prod-s01-001-sam-brazilsouth;migrationStage=NotStarted}
{"logTime": "0920/002539", "correlationVector":"zApQYIL72qaPh2hoRqnoJ/.1","action":"SyncServerConnectionManagerRequest", "result":"SYNC_SERVER_OK", "context":{"environment":"Prod_brazilsouth_prod-s01-001-sam-brazilsouth", "migrationStage":"NotStarted", "server":"akswtt0070000fa"}}
{"logTime": "0920/002539", "correlationVector":"zApQYIL72qaPh2hoRqnoJ/.2","action":"ProcessGetUpdates", "result":"Done", "context":{"dataType":"Encryption Keys", "deleted":"0", "process_failed_to_decrypt":"0", "process_pending_decryption":"0", "process_success":"1", "total":"1"}}
{"logTime": "0920/002539", "correlationVector":"s2cdfwZPl+1Nh2g7uRB5bh","action":"SyncServerConnectionManagerRequest", "result":"SYNC_SERVER_OK", "context":{"environment":"", "migrationStage":"", "server":""}}
{"logTime": "0920/002540", "correlationVector":"s2cdfwZPl+1Nh2g7uRB5bh.0","action":"EncryptionKeysFetcher.DownloadKeys:", "result":"Success", "context":Key count: 9, Last key timestamp: 2026-07-21T21:49:20Z}
{"logTime": "0920/002540", "correlationVector":"s2cdfwZPl+1Nh2g7uRB5bh.1","action":"EncryptionKeysManager::SetEncryptionKeys:", "result":"Success", "context":Key names[9]:[O/81XsCWELhb/DkVXC+rexEZbfhSk+5U5ktZVTEoALfstcXCHOMxoPpGgrMbKnwHxnnj4QNso7dARK3NJPvHxw==][pgtlnMfcQr7uEPA1HOEyugBk4MckJGfxvmay3TR2z3ohyb4YCJ/YDJ4lojpHM+Cf0c45G+PtNrCs6nthBkKisw==][y1B3RdKpgdBEp3Me7/eawQMHoN4lAActLlC3A1HMObTtYphDkAPrry5SJydm9EFFUjMX8Y//9U0N/wEq7eF/uA==][5zjf0u+kY2kYTytxXnDLYgcwggvA+E7gCTKQ0jqgQo3oL8JYf+0WwrJWCK0B0OVDDuQBmIj276tiwDvdXBwftg==][6v6LyjBovIL/PeR6zcAdsHCmE/FCX+Uhd1dq9latYUv85nYJejWnINoco7pGk8GGFTui7NcwmazIIWTX3WyvZA==][Yv3W6V7knw4nTAYmaPQV9NirXiP70EaovNe7NSz9gmirDpVOjH9Nyy7M0nWgYfxXtdACnVDuva973YfaEvqZrA==][mjw7degfyqqf7vH3PMHsoQAuiwlq7cWLdLvSzLMaV2zzklBPaX8vAB8j/lgOCd+uAJcjTe8MuE2ffYmO/0labQ==][StdY7ZVIMABGPNfKmt3tsnJh5RfimJGcnO85u5KOLSfYovyu1M487a+FD+DKDAKydRLkUpv2vok9435CkNueEA==][DrwP19bXgpT264W3xUsrFKgw/eIJHoUXcHnWYHGa6ZNvzwTYBmt0D6uqD6BKMSK41AXlQXIal4o2VDUsZchusw==]}
{"logTime": "0920/002540", "correlationVector":"s2cdfwZPl+1Nh2g7uRB5bh.2","action":"EncryptionKeysManager::SetEncryptionKeysWithTimestamps:", "result":"Success", "context":Key timestamps[9]:[2022-02-21T02:39:49Z][2022-08-31T20:29:08Z][2023-07-10T22:07:49Z][2024-01-07T15:23:58Z][2024-07-13T03:34:06Z][2025-01-14T23:21:58Z][2025-07-14T21:41:40Z][2026-01-12T17:11:02Z][2026-07-21T21:49:20Z]}
{"logTime": "0920/002540", "correlationVector":"zApQYIL72qaPh2hoRqnoJ/","action":"Initial GetUpdates", "result":"", "context":Reason: NEW_CLIENT. cV=zApQYIL72qaPh2hoRqnoJ/}
{"logTime": "0920/002540", "correlationVector":"zApQYIL72qaPh2hoRqnoJ/.3","action":"GetUpdates Response", "result":"Success", "context":Received 1 update(s). cV=zApQYIL72qaPh2hoRqnoJ/.0;server=akswtt0070000fa;cloudType=Consumer;environment=Prod_brazilsouth_prod-s01-001-sam-brazilsouth;migrationStage=NotStarted}
{"logTime": "0920/002540", "correlationVector":"8H9zhF46/D9cj5BmJCq3uX","action":"Initial GetUpdates", "result":"", "context":Reason: NEWLY_SUPPORTED_DATATYPE. cV=8H9zhF46/D9cj5BmJCq3uX}
{"logTime": "0920/002540", "correlationVector":"8H9zhF46/D9cj5BmJCq3uX.1","action":"SyncServerConnectionManagerRequest", "result":"SYNC_SERVER_OK", "context":{"environment":"Prod_brazilsouth_prod-s01-001-sam-brazilsouth", "migrationStage":"NotStarted", "server":"akswtt0070000fd"}}
{"logTime": "0920/002540", "correlationVector":"8H9zhF46/D9cj5BmJCq3uX.2","action":"ProcessGetUpdates", "result":"Done", "context":{"dataType":"Passwords", "deleted":"0", "process_failed_to_decrypt":"0", "process_pending_decryption":"0", "process_success":"3", "total":"3"}}
{"logTime": "0920/002540", "correlationVector":"8H9zhF46/D9cj5BmJCq3uX.3","action":"GetUpdates Response", "result":"Success", "context":Received 3 update(s). cV=8H9zhF46/D9cj5BmJCq3uX.0;server=akswtt0070000fd;cloudType=Consumer;environment=Prod_brazilsouth_prod-s01-001-sam-brazilsouth;migrationStage=NotStarted}
{"logTime": "0920/002540", "correlationVector":"uiRRbV5+FjP1fq0n6jye65","action":"Normal GetUpdate request", "result":"", "context":cV=uiRRbV5+FjP1fq0n6jye65
Nudged types: Sessions, History
Refresh requested types: Bookmarks, Preferences, Passwords, Autofill Profiles, Autofill, Extensions, Sessions, Extension settings, History Delete Directives, Device Info, User Consents, Send Tab To Self, Web Apps, History, Saved Tab Group, WebAuthn Credentials, Edge Hub App Usage, Edge Workspace, Encryption Keys}
{"logTime": "0920/002540", "correlationVector":"uiRRbV5+FjP1fq0n6jye65.1","action":"SyncServerConnectionManagerRequest", "result":"SYNC_SERVER_OK", "context":{"environment":"Prod_brazilsouth_prod-s01-001-sam-brazilsouth", "migrationStage":"NotStarted", "server":"akswtt0070000j1"}}
{"logTime": "0920/002540", "correlationVector":"uiRRbV5+FjP1fq0n6jye65.2","action":"ProcessGetUpdates", "result":"Done", "context":{"dataType":"Sessions", "deleted":"0", "process_failed_to_decrypt":"0", "process_pending_decryption":"0", "process_success":"2", "total":"2"}}
{"logTime": "0920/002540", "correlationVector":"uiRRbV5+FjP1fq0n6jye65.3","action":"ProcessGetUpdates", "result":"Done", "context":{"dataType":"Device Info", "deleted":"0", "process_failed_to_decrypt":"0", "process_pending_decryption":"0", "process_success":"1", "total":"1"}}
{"logTime": "0920/002540", "correlationVector":"uiRRbV5+FjP1fq0n6jye65.4","action":"ProcessGetUpdates", "result":"Done", "context":{"dataType":"History", "deleted":"0", "process_failed_to_decrypt":"0", "process_pending_decryption":"0", "process_success":"1", "total":"1"}}
{"logTime": "0920/002540", "correlationVector":"uiRRbV5+FjP1fq0n6jye65.5","action":"ProcessGetUpdates", "result":"Done", "context":{"dataType":"Edge Hub App Usage", "deleted":"0", "process_failed_to_decrypt":"0", "process_pending_decryption":"0", "process_success":"1", "total":"1"}}
{"logTime": "0920/002540", "correlationVector":"uiRRbV5+FjP1fq0n6jye65.6","action":"GetUpdates Response", "result":"Success", "context":Received 5 update(s). cV=uiRRbV5+FjP1fq0n6jye65.0;server=akswtt0070000j1;cloudType=Consumer;environment=Prod_brazilsouth_prod-s01-001-sam-brazilsouth;migrationStage=NotStarted}
{"logTime": "0920/002540", "correlationVector":"Oq3TS9x4//fQnMDThVwRBE","action":"Commit Request", "result":"", "context":Item count: 3
Contributing types: Sessions, History}
{"logTime": "0920/002541", "correlationVector":"Oq3TS9x4//fQnMDThVwRBE.1","action":"SyncServerConnectionManagerRequest", "result":"SYNC_SERVER_OK", "context":{"environment":"Prod_brazilsouth_prod-s01-001-sam-brazilsouth", "migrationStage":"NotStarted", "server":"akswtt0070000f9"}}
{"logTime": "0920/002541", "correlationVector":"Oq3TS9x4//fQnMDThVwRBE.2","action":"Commit Response", "result":"Success", "context":Result: Success. cV=Oq3TS9x4//fQnMDThVwRBE.0;server=akswtt0070000f9;cloudType=Consumer;environment=Prod_brazilsouth_prod-s01-001-sam-brazilsouth;migrationStage=NotStarted}
{"logTime": "0920/002930", "correlationVector":"fk1JvX9czMKsylRQciR3mL.1","action":"SyncServerConnectionManagerRequest", "result":"SYNC_SERVER_OK", "context":{"environment":"Prod_brazilsouth_prod-s01-001-sam-brazilsouth", "migrationStage":"NotStarted", "server":"akswtt0070000fh"}}
{"logTime": "0920/002930", "correlationVector":"fk1JvX9czMKsylRQciR3mL.2","action":"ProcessGetUpdates", "result":"Done", "context":{"dataType":"Encryption Keys", "deleted":"0", "process_failed_to_decrypt":"0", "process_pending_decryption":"0", "process_success":"1", "total":"1"}}
{"logTime": "0920/002930", "correlationVector":"OBH7TcQ7M5CSXanCX1H3NJ","action":"SyncServerConnectionManagerRequest", "result":"SYNC_SERVER_ERROR", "context":{"environment":"", "error_type":"http_status_code", "error_value":"400", "migrationStage":"", "server":""}}
{"logTime": "0920/002930", "correlationVector":"fk1JvX9czMKsylRQciR3mL","action":"Initial GetUpdates", "result":"", "context":Reason: NEW_CLIENT. cV=fk1JvX9czMKsylRQciR3mL}
{"logTime": "0920/002930", "correlationVector":"fk1JvX9czMKsylRQciR3mL.3","action":"GetUpdates Response", "result":"Success", "context":Received 1 update(s). cV=fk1JvX9czMKsylRQciR3mL.0;server=akswtt0070000fh;cloudType=Consumer;environment=Prod_brazilsouth_prod-s01-001-sam-brazilsouth;migrationStage=NotStarted}
{"logTime": "0920/002930", "correlationVector":"Bv8U+h8CtMCNXNV6mEJZ2t","action":"Initial GetUpdates", "result":"", "context":Reason: NEWLY_SUPPORTED_DATATYPE. cV=Bv8U+h8CtMCNXNV6mEJZ2t}
{"logTime": "0920/002931", "correlationVector":"Bv8U+h8CtMCNXNV6mEJZ2t.1","action":"SyncServerConnectionManagerRequest", "result":"SYNC_SERVER_OK", "context":{"environment":"Prod_brazilsouth_prod-s01-034-sam-brazilsouth", "migrationStage":"NotStarted", "server":"akswtt10300002t"}}
{"logTime": "0920/002931", "correlationVector":"Bv8U+h8CtMCNXNV6mEJZ2t.2","action":"ProcessGetUpdates", "result":"Done", "context":{"dataType":"Device Info", "deleted":"0", "process_failed_to_decrypt":"0", "process_pending_decryption":"0", "process_success":"10", "total":"10"}}
{"logTime": "0920/002931", "correlationVector":"Bv8U+h8CtMCNXNV6mEJZ2t.3","action":"GetUpdates Response", "result":"Success", "context":Received 10 update(s). cV=Bv8U+h8CtMCNXNV6mEJZ2t.0;server=akswtt10300002t;cloudType=Consumer;environment=Prod_brazilsouth_prod-s01-034-sam-brazilsouth;migrationStage=NotStarted}
{"logTime": "0920/002931", "correlationVector":"FzxsOoq/11CbAKGefmvU85","action":"SyncServerConnectionManagerRequest", "result":"SYNC_SERVER_ERROR", "context":{"environment":"", "error_type":"http_status_code", "error_value":"400", "migrationStage":"", "server":""}}
{"logTime": "0920/002931", "correlationVector":"He7K2eh4H0BaFppY2iGheo","action":"Initial GetUpdates", "result":"", "context":Reason: NEWLY_SUPPORTED_DATATYPE. cV=He7K2eh4H0BaFppY2iGheo}
{"logTime": "0920/002932", "correlationVector":"He7K2eh4H0BaFppY2iGheo.1","action":"SyncServerConnectionManagerRequest", "result":"SYNC_SERVER_OK", "context":{"environment":"Prod_brazilsouth_prod-s01-034-sam-brazilsouth", "migrationStage":"NotStarted", "server":"akswtt10300000e"}}
{"logTime": "0920/002932", "correlationVector":"He7K2eh4H0BaFppY2iGheo.2","action":"ProcessGetUpdates", "result":"Done", "context":{"dataType":"Bookmarks", "deleted":"0", "process_failed_to_decrypt":"0", "process_pending_decryption":"0", "process_success":"6", "total":"6"}}
{"logTime": "0920/002932", "correlationVector":"He7K2eh4H0BaFppY2iGheo.3","action":"ProcessGetUpdates", "result":"Done", "context":{"dataType":"Preferences", "deleted":"1", "process_failed_to_decrypt":"0", "process_pending_decryption":"0", "process_success":"72", "total":"72"}}
{"logTime": "0920/002932", "correlationVector":"He7K2eh4H0BaFppY2iGheo.4","action":"ProcessGetUpdates", "result":"Done", "context":{"dataType":"Sessions", "deleted":"38", "process_failed_to_decrypt":"0", "process_pending_decryption":"0", "process_success":"43", "total":"43"}}
{"logTime": "0920/002932", "correlationVector":"He7K2eh4H0BaFppY2iGheo.5","action":"ProcessGetUpdates", "result":"Done", "context":{"dataType":"Saved Tab Group", "deleted":"7", "process_failed_to_decrypt":"0", "process_pending_decryption":"0", "process_success":"7", "total":"7"}}
{"logTime": "0920/002932", "correlationVector":"He7K2eh4H0BaFppY2iGheo.6","action":"ProcessGetUpdates", "result":"Done", "context":{"dataType":"Edge Hub App Usage", "deleted":"2", "process_failed_to_decrypt":"0", "process_pending_decryption":"0", "process_success":"6", "total":"6"}}
{"logTime": "0920/002932", "correlationVector":"He7K2eh4H0BaFppY2iGheo.7","action":"GetUpdates Response", "result":"Success", "context":Received 134 update(s). cV=He7K2eh4H0BaFppY2iGheo.0;server=akswtt10300000e;cloudType=Consumer;environment=Prod_brazilsouth_prod-s01-034-sam-brazilsouth;migrationStage=NotStarted}
{"logTime": "0920/002932", "correlationVector":"PAB6lKSS3ym5IwS3ZGnia0","action":"SyncServerConnectionManagerRequest", "result":"SYNC_SERVER_ERROR", "context":{"environment":"", "error_type":"http_status_code", "error_value":"400", "migrationStage":"", "server":""}}
{"logTime": "0920/002932", "correlationVector":"l+tMtNnUIGba+rFVGUYF2v","action":"Initial GetUpdates", "result":"", "context":Reason: NEWLY_SUPPORTED_DATATYPE. cV=l+tMtNnUIGba+rFVGUYF2v}
{"logTime": "0920/002932", "correlationVector":"l+tMtNnUIGba+rFVGUYF2v.1","action":"SyncServerConnectionManagerRequest", "result":"SYNC_SERVER_OK", "context":{"environment":"Prod_brazilsouth_prod-s01-001-sam-brazilsouth", "migrationStage":"NotStarted", "server":"akswtt0070000j2"}}
{"logTime": "0920/002932", "correlationVector":"l+tMtNnUIGba+rFVGUYF2v.2","action":"ProcessGetUpdates", "result":"Done", "context":{"dataType":"History", "deleted":"0", "process_failed_to_decrypt":"0", "process_pending_decryption":"0", "process_success":"70", "total":"70"}}
{"logTime": "0920/002932", "correlationVector":"l+tMtNnUIGba+rFVGUYF2v.3","action":"GetUpdates Response", "result":"Success", "context":Received 70 update(s). cV=l+tMtNnUIGba+rFVGUYF2v.0;server=akswtt0070000j2;cloudType=Consumer;environment=Prod_brazilsouth_prod-s01-001-sam-brazilsouth;migrationStage=NotStarted}
{"logTime": "0920/002933", "correlationVector":"8FaEC7ZqpttPYTI6xWDH7k","action":"Normal GetUpdate request", "result":"", "context":cV=8FaEC7ZqpttPYTI6xWDH7k
Nudged types: Sessions, Device Info
Refresh requested types: Bookmarks, Preferences, Extensions, Sessions, Extension settings, History Delete Directives, Device Info, User Consents, Send Tab To Self, Web Apps, History, Saved Tab Group, WebAuthn Credentials, Edge Hub App Usage, Edge Workspace, Encryption Keys}
{"logTime": "0920/002933", "correlationVector":"8FaEC7ZqpttPYTI6xWDH7k.1","action":"SyncServerConnectionManagerRequest", "result":"SYNC_SERVER_OK", "context":{"environment":"Prod_brazilsouth_prod-s01-001-sam-brazilsouth", "migrationStage":"NotStarted", "server":"akswtt0070000fj"}}
{"logTime": "0920/002933", "correlationVector":"8FaEC7ZqpttPYTI6xWDH7k.2","action":"GetUpdates Response", "result":"Success", "context":Received 0 update(s). cV=8FaEC7ZqpttPYTI6xWDH7k.0;server=akswtt0070000fj;cloudType=Consumer;environment=Prod_brazilsouth_prod-s01-001-sam-brazilsouth;migrationStage=NotStarted}
{"logTime": "0920/002933", "correlationVector":"f1UIfKRUvItdsLwrL4imgQ","action":"Commit Request", "result":"", "context":Item count: 2
Contributing types: Sessions, Device Info}
{"logTime": "0920/002934", "correlationVector":"f1UIfKRUvItdsLwrL4imgQ.1","action":"SyncServerConnectionManagerRequest", "result":"SYNC_SERVER_OK", "context":{"environment":"Prod_brazilsouth_prod-s01-001-sam-brazilsouth", "migrationStage":"NotStarted", "server":"akswtt0070000fk"}}
{"logTime": "0920/002934", "correlationVector":"f1UIfKRUvItdsLwrL4imgQ.2","action":"Commit Response", "result":"Success", "context":Result: Success. cV=f1UIfKRUvItdsLwrL4imgQ.0;server=akswtt0070000fk;cloudType=Consumer;environment=Prod_brazilsouth_prod-s01-001-sam-brazilsouth;migrationStage=NotStarted}
{"logTime": "0920/002934", "correlationVector":"UWXmEBw297W4fUi6Pb5TsN","action":"Commit Request", "result":"", "context":Item count: 3
Contributing types: Sessions, History}
{"logTime": "0920/002935", "correlationVector":"UWXmEBw297W4fUi6Pb5TsN.1","action":"SyncServerConnectionManagerRequest", "result":"SYNC_SERVER_OK", "context":{"environment":"Prod_brazilsouth_prod-s01-001-sam-brazilsouth", "migrationStage":"NotStarted", "server":"akswtt0070000fo"}}
{"logTime": "0920/002935", "correlationVector":"UWXmEBw297W4fUi6Pb5TsN.2","action":"Commit Response", "result":"Success", "context":Result: Success. cV=UWXmEBw297W4fUi6Pb5TsN.0;server=akswtt0070000fo;cloudType=Consumer;environment=Prod_brazilsouth_prod-s01-001-sam-brazilsouth;migrationStage=NotStarted}
{"logTime": "0920/003051", "correlationVector":"xe2jyksohiIi46qlksZAih","action":"Commit Request", "result":"", "context":Item count: 3
Contributing types: Sessions, History}
{"logTime": "0920/003051", "correlationVector":"xe2jyksohiIi46qlksZAih.1","action":"SyncServerConnectionManagerRequest", "result":"SYNC_SERVER_OK", "context":{"environment":"Prod_brazilsouth_prod-s01-001-sam-brazilsouth", "migrationStage":"NotStarted", "server":"akswtt0070000fq"}}
{"logTime": "0920/003051", "correlationVector":"xe2jyksohiIi46qlksZAih.2","action":"Commit Response", "result":"Success", "context":Result: Success. cV=xe2jyksohiIi46qlksZAih.0;server=akswtt0070000fq;cloudType=Consumer;environment=Prod_brazilsouth_prod-s01-001-sam-brazilsouth;migrationStage=NotStarted}
{"logTime": "0920/003536", "correlationVector":"iIuA24DvQw7SJS4A6D6p9X","action":"Commit Request", "result":"", "context":Item count: 3
Contributing types: Sessions, History}
{"logTime": "0920/003538", "correlationVector":"iIuA24DvQw7SJS4A6D6p9X.1","action":"SyncServerConnectionManagerRequest", "result":"SYNC_SERVER_OK", "context":{"environment":"Prod_brazilsouth_prod-s01-001-sam-brazilsouth", "migrationStage":"NotStarted", "server":"akswtt00700008s"}}
{"logTime": "0920/003538", "correlationVector":"iIuA24DvQw7SJS4A6D6p9X.2","action":"Commit Response", "result":"Success", "context":Result: Success. cV=iIuA24DvQw7SJS4A6D6p9X.0;server=akswtt00700008s;cloudType=Consumer;environment=Prod_brazilsouth_prod-s01-001-sam-brazilsouth;migrationStage=NotStarted}
